<div class="dFW"></div>
<div class="lpdD">
  <h1 ng-class="{'fsG':true, 'dFW': false }"></h1>
  <button class="acvD"></button>
  <div ng-class="{ 'gDs': true,  'Hst' : false, 'lpdD': true }"></div>
</div>
