<div class="dFW"></div>
<div class="lpdD">
  <h1 class="fsG"></h1>
  <span class="dFW"></span>
  <button class="acvD"></button>
  <div class="gDs">
    <div class="Hst"></div>
  </div>
</div>
