<div class="dFW"></div>
<div class="lpdD">
  <h1 class="fsG dFW"></h1>
  <button class="acvD"></button>
  <div class="gDs Hst lpdD"></div>
</div>
