<div ng-class="{'dFW': false}"></div>
<div class="eee">
  <h1 ng-class="{ 'fsG': true }"></h1>
</div>
