<div class="aaa-ooo"></div>
<div class="eee">
  <h1 ng-class="{'fsG':true, 'dFW': false }"></h1>
  <button class="ooo"></button>
  <div ng-class="{ 'gDs': true,  'Hst' : false, 'lpdD': true }"></div>
</div>
