<div class="aaaooo"></div>
<div class="eee">
  <h1 ng-class="{'fsG': true, 'aaa-ooo-uuu': false}"></h1>
  <button class="ooo"></button>
  <div ng-class="{'gDs': true, 'qqq-eee': false}"></div>
</div>
