<div class="aaaooo"></div>
<div class="lpdD">
  <h1 class="fsG aaa-ooo-uuu"></h1>
  <button class="acvD"></button>
  <div class="gDs qqq-eee"></div>
</div>
